// Jest Snapshot v1, https://goo.gl/fbAQLP

exports[`App component contains Navbar Brand matches snapshot 1`] = `ShallowWrapper {}`;
